// Jest Snapshot v1, https://goo.gl/fbAQLP

exports[`renders home page correctly 1`] = `
{
  "asFragment": [Function],
  "baseElement": <body>
    <div>
      <div>
        <div>
          <div>
            <svg
              fill="currentColor"
              height="1em"
              stroke="currentColor"
              stroke-width="0"
              viewBox="0 0 24 24"
              width="1em"
              xmlns="http://www.w3.org/2000/svg"
            >
              <path
                d="M20 7h-3V4c0-1.103-.897-2-2-2H9c-1.103 0-2 .897-2 2v3H4c-1.103 0-2 .897-2 2v6c0 1.103.897 2 2 2h3v3c0 1.103.897 2 2 2h6c1.103 0 2-.897 2-2v-3h3c1.103 0 2-.897 2-2V9c0-1.103-.897-2-2-2zm0 8h-5v4h.001v1H9v-5H4V9h5V4h6v5h5v6z"
              />
              <path
                d="M8 14v-4l-3 2zm8 0 3-2-3-2zm-6-6h4l-2-3zm2 11 2-3h-4z"
              />
              <circle
                cx="12"
                cy="12"
                r="2"
              />
            </svg>
            <h1>
              with
              <b>
                Product
              </b>
            </h1>
          </div>
          <div
            class="undefined "
          >
            <input
              placeholder="Search..."
              type="text"
            />
            <svg
              fill="currentColor"
              height="1em"
              stroke="currentColor"
              stroke-width="0"
              viewBox="0 0 24 24"
              width="1em"
              xmlns="http://www.w3.org/2000/svg"
            >
              <path
                d="M10 18a7.952 7.952 0 0 0 4.897-1.688l4.396 4.396 1.414-1.414-4.396-4.396A7.952 7.952 0 0 0 18 10c0-4.411-3.589-8-8-8s-8 3.589-8 8 3.589 8 8 8zm0-14c3.309 0 6 2.691 6 6s-2.691 6-6 6-6-2.691-6-6 2.691-6 6-6z"
              />
            </svg>
          </div>
          <div>
            <span>
              1
            </span>
            <svg
              fill="currentColor"
              height="1em"
              stroke="currentColor"
              stroke-width="0"
              viewBox="0 0 16 16"
              width="1em"
              xmlns="http://www.w3.org/2000/svg"
            >
              <path
                d="M5.071 1.243a.5.5 0 0 1 .858.514L3.383 6h9.234L10.07 1.757a.5.5 0 1 1 .858-.514L13.783 6H15.5a.5.5 0 0 1 .5.5v2a.5.5 0 0 1-.5.5H15v5a2 2 0 0 1-2 2H3a2 2 0 0 1-2-2V9H.5a.5.5 0 0 1-.5-.5v-2A.5.5 0 0 1 .5 6h1.717L5.07 1.243zM3.5 10.5a.5.5 0 1 0-1 0v3a.5.5 0 0 0 1 0v-3zm2.5 0a.5.5 0 1 0-1 0v3a.5.5 0 0 0 1 0v-3zm2.5 0a.5.5 0 1 0-1 0v3a.5.5 0 0 0 1 0v-3zm2.5 0a.5.5 0 1 0-1 0v3a.5.5 0 0 0 1 0v-3zm2.5 0a.5.5 0 1 0-1 0v3a.5.5 0 0 0 1 0v-3z"
              />
            </svg>
          </div>
        </div>
        <article>
          <div>
            <div>
              <select
                name="filter"
              >
                <option
                  value="0"
                >
                  Lowest Price
                </option>
                <option
                  value="1"
                >
                  Highest Price
                </option>
              </select>
            </div>
            <div>
              <div>
                <a
                  href="/detail/7550808883419"
                >
                  <div>
                    <img
                      alt=""
                      data-testid="image"
                      src="https://cdn.shopify.com/s/files/1/0631/9122/0443/products/rossignol_RCDA028_AXIUM-100-B93-BLACK-WHITE.jpg?v=1645622372"
                    />
                  </div>
                  <div>
                    Axium 100 B93
                  </div>
                </a>
                <div>
                  <div />
                  <div
                    data-testid="price"
                  >
                    119.00
                    ₺
                  </div>
                  <div>
                    <div>
                      <span>
                        Size
                        :
                      </span>
                      <select
                        id=""
                        name=""
                      >
                        <option>
                          B93
                        </option>
                      </select>
                    </div>
                    <div>
                      <span>
                        Color
                        :
                      </span>
                      <select
                        id=""
                        name=""
                      >
                        <option>
                          Black/White
                        </option>
                      </select>
                    </div>
                  </div>
                </div>
                <div
                  data-testid="add-product"
                >
                  <svg
                    fill="currentColor"
                    height="1em"
                    stroke="currentColor"
                    stroke-width="0"
                    viewBox="0 0 16 16"
                    width="1em"
                    xmlns="http://www.w3.org/2000/svg"
                  >
                    <path
                      d="M5.071 1.243a.5.5 0 0 1 .858.514L3.383 6h9.234L10.07 1.757a.5.5 0 1 1 .858-.514L13.783 6H15.5a.5.5 0 0 1 .5.5v2a.5.5 0 0 1-.5.5H15v5a2 2 0 0 1-2 2H3a2 2 0 0 1-2-2V9H.5a.5.5 0 0 1-.5-.5v-2A.5.5 0 0 1 .5 6h1.717L5.07 1.243zM3.5 10.5a.5.5 0 1 0-1 0v3a.5.5 0 0 0 1 0v-3zm2.5 0a.5.5 0 1 0-1 0v3a.5.5 0 0 0 1 0v-3zm2.5 0a.5.5 0 1 0-1 0v3a.5.5 0 0 0 1 0v-3zm2.5 0a.5.5 0 1 0-1 0v3a.5.5 0 0 0 1 0v-3zm2.5 0a.5.5 0 1 0-1 0v3a.5.5 0 0 0 1 0v-3z"
                    />
                  </svg>
                </div>
              </div>
            </div>
            <div />
          </div>
        </article>
      </div>
    </div>
  </body>,
  "container": <div>
    <div>
      <div>
        <div>
          <svg
            fill="currentColor"
            height="1em"
            stroke="currentColor"
            stroke-width="0"
            viewBox="0 0 24 24"
            width="1em"
            xmlns="http://www.w3.org/2000/svg"
          >
            <path
              d="M20 7h-3V4c0-1.103-.897-2-2-2H9c-1.103 0-2 .897-2 2v3H4c-1.103 0-2 .897-2 2v6c0 1.103.897 2 2 2h3v3c0 1.103.897 2 2 2h6c1.103 0 2-.897 2-2v-3h3c1.103 0 2-.897 2-2V9c0-1.103-.897-2-2-2zm0 8h-5v4h.001v1H9v-5H4V9h5V4h6v5h5v6z"
            />
            <path
              d="M8 14v-4l-3 2zm8 0 3-2-3-2zm-6-6h4l-2-3zm2 11 2-3h-4z"
            />
            <circle
              cx="12"
              cy="12"
              r="2"
            />
          </svg>
          <h1>
            with
            <b>
              Product
            </b>
          </h1>
        </div>
        <div
          class="undefined "
        >
          <input
            placeholder="Search..."
            type="text"
          />
          <svg
            fill="currentColor"
            height="1em"
            stroke="currentColor"
            stroke-width="0"
            viewBox="0 0 24 24"
            width="1em"
            xmlns="http://www.w3.org/2000/svg"
          >
            <path
              d="M10 18a7.952 7.952 0 0 0 4.897-1.688l4.396 4.396 1.414-1.414-4.396-4.396A7.952 7.952 0 0 0 18 10c0-4.411-3.589-8-8-8s-8 3.589-8 8 3.589 8 8 8zm0-14c3.309 0 6 2.691 6 6s-2.691 6-6 6-6-2.691-6-6 2.691-6 6-6z"
            />
          </svg>
        </div>
        <div>
          <span>
            1
          </span>
          <svg
            fill="currentColor"
            height="1em"
            stroke="currentColor"
            stroke-width="0"
            viewBox="0 0 16 16"
            width="1em"
            xmlns="http://www.w3.org/2000/svg"
          >
            <path
              d="M5.071 1.243a.5.5 0 0 1 .858.514L3.383 6h9.234L10.07 1.757a.5.5 0 1 1 .858-.514L13.783 6H15.5a.5.5 0 0 1 .5.5v2a.5.5 0 0 1-.5.5H15v5a2 2 0 0 1-2 2H3a2 2 0 0 1-2-2V9H.5a.5.5 0 0 1-.5-.5v-2A.5.5 0 0 1 .5 6h1.717L5.07 1.243zM3.5 10.5a.5.5 0 1 0-1 0v3a.5.5 0 0 0 1 0v-3zm2.5 0a.5.5 0 1 0-1 0v3a.5.5 0 0 0 1 0v-3zm2.5 0a.5.5 0 1 0-1 0v3a.5.5 0 0 0 1 0v-3zm2.5 0a.5.5 0 1 0-1 0v3a.5.5 0 0 0 1 0v-3zm2.5 0a.5.5 0 1 0-1 0v3a.5.5 0 0 0 1 0v-3z"
            />
          </svg>
        </div>
      </div>
      <article>
        <div>
          <div>
            <select
              name="filter"
            >
              <option
                value="0"
              >
                Lowest Price
              </option>
              <option
                value="1"
              >
                Highest Price
              </option>
            </select>
          </div>
          <div>
            <div>
              <a
                href="/detail/7550808883419"
              >
                <div>
                  <img
                    alt=""
                    data-testid="image"
                    src="https://cdn.shopify.com/s/files/1/0631/9122/0443/products/rossignol_RCDA028_AXIUM-100-B93-BLACK-WHITE.jpg?v=1645622372"
                  />
                </div>
                <div>
                  Axium 100 B93
                </div>
              </a>
              <div>
                <div />
                <div
                  data-testid="price"
                >
                  119.00
                  ₺
                </div>
                <div>
                  <div>
                    <span>
                      Size
                      :
                    </span>
                    <select
                      id=""
                      name=""
                    >
                      <option>
                        B93
                      </option>
                    </select>
                  </div>
                  <div>
                    <span>
                      Color
                      :
                    </span>
                    <select
                      id=""
                      name=""
                    >
                      <option>
                        Black/White
                      </option>
                    </select>
                  </div>
                </div>
              </div>
              <div
                data-testid="add-product"
              >
                <svg
                  fill="currentColor"
                  height="1em"
                  stroke="currentColor"
                  stroke-width="0"
                  viewBox="0 0 16 16"
                  width="1em"
                  xmlns="http://www.w3.org/2000/svg"
                >
                  <path
                    d="M5.071 1.243a.5.5 0 0 1 .858.514L3.383 6h9.234L10.07 1.757a.5.5 0 1 1 .858-.514L13.783 6H15.5a.5.5 0 0 1 .5.5v2a.5.5 0 0 1-.5.5H15v5a2 2 0 0 1-2 2H3a2 2 0 0 1-2-2V9H.5a.5.5 0 0 1-.5-.5v-2A.5.5 0 0 1 .5 6h1.717L5.07 1.243zM3.5 10.5a.5.5 0 1 0-1 0v3a.5.5 0 0 0 1 0v-3zm2.5 0a.5.5 0 1 0-1 0v3a.5.5 0 0 0 1 0v-3zm2.5 0a.5.5 0 1 0-1 0v3a.5.5 0 0 0 1 0v-3zm2.5 0a.5.5 0 1 0-1 0v3a.5.5 0 0 0 1 0v-3zm2.5 0a.5.5 0 1 0-1 0v3a.5.5 0 0 0 1 0v-3z"
                  />
                </svg>
              </div>
            </div>
          </div>
          <div />
        </div>
      </article>
    </div>
  </div>,
  "debug": [Function],
  "findAllByAltText": [Function],
  "findAllByDisplayValue": [Function],
  "findAllByLabelText": [Function],
  "findAllByPlaceholderText": [Function],
  "findAllByRole": [Function],
  "findAllByTestId": [Function],
  "findAllByText": [Function],
  "findAllByTitle": [Function],
  "findByAltText": [Function],
  "findByDisplayValue": [Function],
  "findByLabelText": [Function],
  "findByPlaceholderText": [Function],
  "findByRole": [Function],
  "findByTestId": [Function],
  "findByText": [Function],
  "findByTitle": [Function],
  "getAllByAltText": [Function],
  "getAllByDisplayValue": [Function],
  "getAllByLabelText": [Function],
  "getAllByPlaceholderText": [Function],
  "getAllByRole": [Function],
  "getAllByTestId": [Function],
  "getAllByText": [Function],
  "getAllByTitle": [Function],
  "getByAltText": [Function],
  "getByDisplayValue": [Function],
  "getByLabelText": [Function],
  "getByPlaceholderText": [Function],
  "getByRole": [Function],
  "getByTestId": [Function],
  "getByText": [Function],
  "getByTitle": [Function],
  "queryAllByAltText": [Function],
  "queryAllByDisplayValue": [Function],
  "queryAllByLabelText": [Function],
  "queryAllByPlaceholderText": [Function],
  "queryAllByRole": [Function],
  "queryAllByTestId": [Function],
  "queryAllByText": [Function],
  "queryAllByTitle": [Function],
  "queryByAltText": [Function],
  "queryByDisplayValue": [Function],
  "queryByLabelText": [Function],
  "queryByPlaceholderText": [Function],
  "queryByRole": [Function],
  "queryByTestId": [Function],
  "queryByText": [Function],
  "queryByTitle": [Function],
  "rerender": [Function],
  "unmount": [Function],
}
`;
