// Jest Snapshot v1, https://goo.gl/fbAQLP

exports[`render component 1`] = `
{
  "asFragment": [Function],
  "baseElement": <body>
    <div>
      <div>
        <a
          href="/detail/7550808883419"
        >
          <div>
            <img
              alt=""
              data-testid="image"
              src="https://cdn.shopify.com/s/files/1/0631/9122/0443/products/rossignol_RCDA028_AXIUM-100-B93-BLACK-WHITE.jpg?v=1645622372"
            />
          </div>
          <div>
            Axium 100 B93
          </div>
        </a>
        <div>
          <div />
          <div
            data-testid="price"
          >
            119.00
            ₺
          </div>
          <div>
            <div>
              <span>
                Size
                :
              </span>
              <select
                id=""
                name=""
              >
                <option>
                  B93
                </option>
              </select>
            </div>
            <div>
              <span>
                Color
                :
              </span>
              <select
                id=""
                name=""
              >
                <option>
                  Black/White
                </option>
              </select>
            </div>
          </div>
        </div>
        <div
          data-testid="add-product"
        >
          <svg
            fill="currentColor"
            height="1em"
            stroke="currentColor"
            stroke-width="0"
            viewBox="0 0 16 16"
            width="1em"
            xmlns="http://www.w3.org/2000/svg"
          >
            <path
              d="M5.071 1.243a.5.5 0 0 1 .858.514L3.383 6h9.234L10.07 1.757a.5.5 0 1 1 .858-.514L13.783 6H15.5a.5.5 0 0 1 .5.5v2a.5.5 0 0 1-.5.5H15v5a2 2 0 0 1-2 2H3a2 2 0 0 1-2-2V9H.5a.5.5 0 0 1-.5-.5v-2A.5.5 0 0 1 .5 6h1.717L5.07 1.243zM3.5 10.5a.5.5 0 1 0-1 0v3a.5.5 0 0 0 1 0v-3zm2.5 0a.5.5 0 1 0-1 0v3a.5.5 0 0 0 1 0v-3zm2.5 0a.5.5 0 1 0-1 0v3a.5.5 0 0 0 1 0v-3zm2.5 0a.5.5 0 1 0-1 0v3a.5.5 0 0 0 1 0v-3zm2.5 0a.5.5 0 1 0-1 0v3a.5.5 0 0 0 1 0v-3z"
            />
          </svg>
        </div>
      </div>
    </div>
  </body>,
  "container": <div>
    <div>
      <a
        href="/detail/7550808883419"
      >
        <div>
          <img
            alt=""
            data-testid="image"
            src="https://cdn.shopify.com/s/files/1/0631/9122/0443/products/rossignol_RCDA028_AXIUM-100-B93-BLACK-WHITE.jpg?v=1645622372"
          />
        </div>
        <div>
          Axium 100 B93
        </div>
      </a>
      <div>
        <div />
        <div
          data-testid="price"
        >
          119.00
          ₺
        </div>
        <div>
          <div>
            <span>
              Size
              :
            </span>
            <select
              id=""
              name=""
            >
              <option>
                B93
              </option>
            </select>
          </div>
          <div>
            <span>
              Color
              :
            </span>
            <select
              id=""
              name=""
            >
              <option>
                Black/White
              </option>
            </select>
          </div>
        </div>
      </div>
      <div
        data-testid="add-product"
      >
        <svg
          fill="currentColor"
          height="1em"
          stroke="currentColor"
          stroke-width="0"
          viewBox="0 0 16 16"
          width="1em"
          xmlns="http://www.w3.org/2000/svg"
        >
          <path
            d="M5.071 1.243a.5.5 0 0 1 .858.514L3.383 6h9.234L10.07 1.757a.5.5 0 1 1 .858-.514L13.783 6H15.5a.5.5 0 0 1 .5.5v2a.5.5 0 0 1-.5.5H15v5a2 2 0 0 1-2 2H3a2 2 0 0 1-2-2V9H.5a.5.5 0 0 1-.5-.5v-2A.5.5 0 0 1 .5 6h1.717L5.07 1.243zM3.5 10.5a.5.5 0 1 0-1 0v3a.5.5 0 0 0 1 0v-3zm2.5 0a.5.5 0 1 0-1 0v3a.5.5 0 0 0 1 0v-3zm2.5 0a.5.5 0 1 0-1 0v3a.5.5 0 0 0 1 0v-3zm2.5 0a.5.5 0 1 0-1 0v3a.5.5 0 0 0 1 0v-3zm2.5 0a.5.5 0 1 0-1 0v3a.5.5 0 0 0 1 0v-3z"
          />
        </svg>
      </div>
    </div>
  </div>,
  "debug": [Function],
  "findAllByAltText": [Function],
  "findAllByDisplayValue": [Function],
  "findAllByLabelText": [Function],
  "findAllByPlaceholderText": [Function],
  "findAllByRole": [Function],
  "findAllByTestId": [Function],
  "findAllByText": [Function],
  "findAllByTitle": [Function],
  "findByAltText": [Function],
  "findByDisplayValue": [Function],
  "findByLabelText": [Function],
  "findByPlaceholderText": [Function],
  "findByRole": [Function],
  "findByTestId": [Function],
  "findByText": [Function],
  "findByTitle": [Function],
  "getAllByAltText": [Function],
  "getAllByDisplayValue": [Function],
  "getAllByLabelText": [Function],
  "getAllByPlaceholderText": [Function],
  "getAllByRole": [Function],
  "getAllByTestId": [Function],
  "getAllByText": [Function],
  "getAllByTitle": [Function],
  "getByAltText": [Function],
  "getByDisplayValue": [Function],
  "getByLabelText": [Function],
  "getByPlaceholderText": [Function],
  "getByRole": [Function],
  "getByTestId": [Function],
  "getByText": [Function],
  "getByTitle": [Function],
  "queryAllByAltText": [Function],
  "queryAllByDisplayValue": [Function],
  "queryAllByLabelText": [Function],
  "queryAllByPlaceholderText": [Function],
  "queryAllByRole": [Function],
  "queryAllByTestId": [Function],
  "queryAllByText": [Function],
  "queryAllByTitle": [Function],
  "queryByAltText": [Function],
  "queryByDisplayValue": [Function],
  "queryByLabelText": [Function],
  "queryByPlaceholderText": [Function],
  "queryByRole": [Function],
  "queryByTestId": [Function],
  "queryByText": [Function],
  "queryByTitle": [Function],
  "rerender": [Function],
  "unmount": [Function],
}
`;
